// Jest Snapshot v1, https://goo.gl/fbAQLP

exports[`ResultsPagination renders correctly for page 1 1`] = `
<div
  className="container-fluid"
>
  <div
    className="justify-content-md-center row"
  >
    <div
      className="col-md-4"
    >
      <ul
        className="pagination"
      >
        <li
          className="page-item"
        >
          <a
            className="page-link"
            href="#"
            onClick={[Function]}
            onKeyDown={[Function]}
            role="button"
            tabIndex={0}
          >
            <span
              aria-hidden="true"
            >
              «
            </span>
            <span
              className="visually-hidden"
            >
              First
            </span>
          </a>
        </li>
        <li
          className="page-item"
        >
          <a
            className="page-link"
            href="#"
            onClick={[Function]}
            onKeyDown={[Function]}
            role="button"
            tabIndex={0}
          >
            <span
              aria-hidden="true"
            >
              ‹
            </span>
            <span
              className="visually-hidden"
            >
              Previous
            </span>
          </a>
        </li>
        <li
          className="page-item active"
        >
          <span
            className="page-link"
            disabled={false}
            onClick={[Function]}
          >
            1
            <span
              className="visually-hidden"
            >
              (current)
            </span>
          </span>
        </li>
        <li
          className="page-item"
        >
          <a
            className="page-link"
            href="#"
            onClick={[Function]}
            onKeyDown={[Function]}
            role="button"
            tabIndex={0}
          >
            2
          </a>
        </li>
        <li
          className="page-item"
        >
          <a
            className="page-link"
            href="#"
            onClick={[Function]}
            onKeyDown={[Function]}
            role="button"
            tabIndex={0}
          >
            3
          </a>
        </li>
        <li
          className="page-item"
        >
          <a
            className="page-link"
            href="#"
            onClick={[Function]}
            onKeyDown={[Function]}
            role="button"
            tabIndex={0}
          >
            <span
              aria-hidden="true"
            >
              …
            </span>
            <span
              className="visually-hidden"
            >
              More
            </span>
          </a>
        </li>
        <li
          className="page-item"
        >
          <a
            className="page-link"
            href="#"
            onClick={[Function]}
            onKeyDown={[Function]}
            role="button"
            tabIndex={0}
          >
            6
          </a>
        </li>
        <li
          className="page-item"
        >
          <a
            className="page-link"
            href="#"
            onClick={[Function]}
            onKeyDown={[Function]}
            role="button"
            tabIndex={0}
          >
            <span
              aria-hidden="true"
            >
              ›
            </span>
            <span
              className="visually-hidden"
            >
              Next
            </span>
          </a>
        </li>
        <li
          className="page-item"
        >
          <a
            className="page-link"
            href="#"
            onClick={[Function]}
            onKeyDown={[Function]}
            role="button"
            tabIndex={0}
          >
            <span
              aria-hidden="true"
            >
              »
            </span>
            <span
              className="visually-hidden"
            >
              Last
            </span>
          </a>
        </li>
      </ul>
    </div>
  </div>
</div>
`;

exports[`ResultsPagination renders correctly for page 2 1`] = `
<div
  className="container-fluid"
>
  <div
    className="justify-content-md-center row"
  >
    <div
      className="col-md-4"
    >
      <ul
        className="pagination"
      >
        <li
          className="page-item"
        >
          <a
            className="page-link"
            href="#"
            onClick={[Function]}
            onKeyDown={[Function]}
            role="button"
            tabIndex={0}
          >
            <span
              aria-hidden="true"
            >
              «
            </span>
            <span
              className="visually-hidden"
            >
              First
            </span>
          </a>
        </li>
        <li
          className="page-item"
        >
          <a
            className="page-link"
            href="#"
            onClick={[Function]}
            onKeyDown={[Function]}
            role="button"
            tabIndex={0}
          >
            <span
              aria-hidden="true"
            >
              ‹
            </span>
            <span
              className="visually-hidden"
            >
              Previous
            </span>
          </a>
        </li>
        <li
          className="page-item"
        >
          <a
            className="page-link"
            href="#"
            onClick={[Function]}
            onKeyDown={[Function]}
            role="button"
            tabIndex={0}
          >
            1
          </a>
        </li>
        <li
          className="page-item active"
        >
          <span
            className="page-link"
            disabled={false}
            onClick={[Function]}
          >
            2
            <span
              className="visually-hidden"
            >
              (current)
            </span>
          </span>
        </li>
        <li
          className="page-item"
        >
          <a
            className="page-link"
            href="#"
            onClick={[Function]}
            onKeyDown={[Function]}
            role="button"
            tabIndex={0}
          >
            3
          </a>
        </li>
        <li
          className="page-item"
        >
          <a
            className="page-link"
            href="#"
            onClick={[Function]}
            onKeyDown={[Function]}
            role="button"
            tabIndex={0}
          >
            4
          </a>
        </li>
        <li
          className="page-item"
        >
          <a
            className="page-link"
            href="#"
            onClick={[Function]}
            onKeyDown={[Function]}
            role="button"
            tabIndex={0}
          >
            <span
              aria-hidden="true"
            >
              …
            </span>
            <span
              className="visually-hidden"
            >
              More
            </span>
          </a>
        </li>
        <li
          className="page-item"
        >
          <a
            className="page-link"
            href="#"
            onClick={[Function]}
            onKeyDown={[Function]}
            role="button"
            tabIndex={0}
          >
            6
          </a>
        </li>
        <li
          className="page-item"
        >
          <a
            className="page-link"
            href="#"
            onClick={[Function]}
            onKeyDown={[Function]}
            role="button"
            tabIndex={0}
          >
            <span
              aria-hidden="true"
            >
              ›
            </span>
            <span
              className="visually-hidden"
            >
              Next
            </span>
          </a>
        </li>
        <li
          className="page-item"
        >
          <a
            className="page-link"
            href="#"
            onClick={[Function]}
            onKeyDown={[Function]}
            role="button"
            tabIndex={0}
          >
            <span
              aria-hidden="true"
            >
              »
            </span>
            <span
              className="visually-hidden"
            >
              Last
            </span>
          </a>
        </li>
      </ul>
    </div>
  </div>
</div>
`;

exports[`ResultsPagination renders correctly for page 3 1`] = `
<div
  className="container-fluid"
>
  <div
    className="justify-content-md-center row"
  >
    <div
      className="col-md-4"
    >
      <ul
        className="pagination"
      >
        <li
          className="page-item"
        >
          <a
            className="page-link"
            href="#"
            onClick={[Function]}
            onKeyDown={[Function]}
            role="button"
            tabIndex={0}
          >
            <span
              aria-hidden="true"
            >
              «
            </span>
            <span
              className="visually-hidden"
            >
              First
            </span>
          </a>
        </li>
        <li
          className="page-item"
        >
          <a
            className="page-link"
            href="#"
            onClick={[Function]}
            onKeyDown={[Function]}
            role="button"
            tabIndex={0}
          >
            <span
              aria-hidden="true"
            >
              ‹
            </span>
            <span
              className="visually-hidden"
            >
              Previous
            </span>
          </a>
        </li>
        <li
          className="page-item"
        >
          <a
            className="page-link"
            href="#"
            onClick={[Function]}
            onKeyDown={[Function]}
            role="button"
            tabIndex={0}
          >
            1
          </a>
        </li>
        <li
          className="page-item"
        >
          <a
            className="page-link"
            href="#"
            onClick={[Function]}
            onKeyDown={[Function]}
            role="button"
            tabIndex={0}
          >
            2
          </a>
        </li>
        <li
          className="page-item active"
        >
          <span
            className="page-link"
            disabled={false}
            onClick={[Function]}
          >
            3
            <span
              className="visually-hidden"
            >
              (current)
            </span>
          </span>
        </li>
        <li
          className="page-item"
        >
          <a
            className="page-link"
            href="#"
            onClick={[Function]}
            onKeyDown={[Function]}
            role="button"
            tabIndex={0}
          >
            4
          </a>
        </li>
        <li
          className="page-item"
        >
          <a
            className="page-link"
            href="#"
            onClick={[Function]}
            onKeyDown={[Function]}
            role="button"
            tabIndex={0}
          >
            5
          </a>
        </li>
        <li
          className="page-item"
        >
          <a
            className="page-link"
            href="#"
            onClick={[Function]}
            onKeyDown={[Function]}
            role="button"
            tabIndex={0}
          >
            <span
              aria-hidden="true"
            >
              …
            </span>
            <span
              className="visually-hidden"
            >
              More
            </span>
          </a>
        </li>
        <li
          className="page-item"
        >
          <a
            className="page-link"
            href="#"
            onClick={[Function]}
            onKeyDown={[Function]}
            role="button"
            tabIndex={0}
          >
            6
          </a>
        </li>
        <li
          className="page-item"
        >
          <a
            className="page-link"
            href="#"
            onClick={[Function]}
            onKeyDown={[Function]}
            role="button"
            tabIndex={0}
          >
            <span
              aria-hidden="true"
            >
              ›
            </span>
            <span
              className="visually-hidden"
            >
              Next
            </span>
          </a>
        </li>
        <li
          className="page-item"
        >
          <a
            className="page-link"
            href="#"
            onClick={[Function]}
            onKeyDown={[Function]}
            role="button"
            tabIndex={0}
          >
            <span
              aria-hidden="true"
            >
              »
            </span>
            <span
              className="visually-hidden"
            >
              Last
            </span>
          </a>
        </li>
      </ul>
    </div>
  </div>
</div>
`;

exports[`ResultsPagination renders correctly for page 4 1`] = `
<div
  className="container-fluid"
>
  <div
    className="justify-content-md-center row"
  >
    <div
      className="col-md-4"
    >
      <ul
        className="pagination"
      >
        <li
          className="page-item"
        >
          <a
            className="page-link"
            href="#"
            onClick={[Function]}
            onKeyDown={[Function]}
            role="button"
            tabIndex={0}
          >
            <span
              aria-hidden="true"
            >
              «
            </span>
            <span
              className="visually-hidden"
            >
              First
            </span>
          </a>
        </li>
        <li
          className="page-item"
        >
          <a
            className="page-link"
            href="#"
            onClick={[Function]}
            onKeyDown={[Function]}
            role="button"
            tabIndex={0}
          >
            <span
              aria-hidden="true"
            >
              ‹
            </span>
            <span
              className="visually-hidden"
            >
              Previous
            </span>
          </a>
        </li>
        <li
          className="page-item"
        >
          <a
            className="page-link"
            href="#"
            onClick={[Function]}
            onKeyDown={[Function]}
            role="button"
            tabIndex={0}
          >
            1
          </a>
        </li>
        <li
          className="page-item"
        >
          <a
            className="page-link"
            href="#"
            onClick={[Function]}
            onKeyDown={[Function]}
            role="button"
            tabIndex={0}
          >
            <span
              aria-hidden="true"
            >
              …
            </span>
            <span
              className="visually-hidden"
            >
              More
            </span>
          </a>
        </li>
        <li
          className="page-item"
        >
          <a
            className="page-link"
            href="#"
            onClick={[Function]}
            onKeyDown={[Function]}
            role="button"
            tabIndex={0}
          >
            2
          </a>
        </li>
        <li
          className="page-item"
        >
          <a
            className="page-link"
            href="#"
            onClick={[Function]}
            onKeyDown={[Function]}
            role="button"
            tabIndex={0}
          >
            3
          </a>
        </li>
        <li
          className="page-item active"
        >
          <span
            className="page-link"
            disabled={false}
            onClick={[Function]}
          >
            4
            <span
              className="visually-hidden"
            >
              (current)
            </span>
          </span>
        </li>
        <li
          className="page-item"
        >
          <a
            className="page-link"
            href="#"
            onClick={[Function]}
            onKeyDown={[Function]}
            role="button"
            tabIndex={0}
          >
            5
          </a>
        </li>
        <li
          className="page-item"
        >
          <a
            className="page-link"
            href="#"
            onClick={[Function]}
            onKeyDown={[Function]}
            role="button"
            tabIndex={0}
          >
            6
          </a>
        </li>
        <li
          className="page-item"
        >
          <a
            className="page-link"
            href="#"
            onClick={[Function]}
            onKeyDown={[Function]}
            role="button"
            tabIndex={0}
          >
            <span
              aria-hidden="true"
            >
              ›
            </span>
            <span
              className="visually-hidden"
            >
              Next
            </span>
          </a>
        </li>
        <li
          className="page-item"
        >
          <a
            className="page-link"
            href="#"
            onClick={[Function]}
            onKeyDown={[Function]}
            role="button"
            tabIndex={0}
          >
            <span
              aria-hidden="true"
            >
              »
            </span>
            <span
              className="visually-hidden"
            >
              Last
            </span>
          </a>
        </li>
      </ul>
    </div>
  </div>
</div>
`;

exports[`ResultsPagination renders correctly for page 5 1`] = `
<div
  className="container-fluid"
>
  <div
    className="justify-content-md-center row"
  >
    <div
      className="col-md-4"
    >
      <ul
        className="pagination"
      >
        <li
          className="page-item"
        >
          <a
            className="page-link"
            href="#"
            onClick={[Function]}
            onKeyDown={[Function]}
            role="button"
            tabIndex={0}
          >
            <span
              aria-hidden="true"
            >
              «
            </span>
            <span
              className="visually-hidden"
            >
              First
            </span>
          </a>
        </li>
        <li
          className="page-item"
        >
          <a
            className="page-link"
            href="#"
            onClick={[Function]}
            onKeyDown={[Function]}
            role="button"
            tabIndex={0}
          >
            <span
              aria-hidden="true"
            >
              ‹
            </span>
            <span
              className="visually-hidden"
            >
              Previous
            </span>
          </a>
        </li>
        <li
          className="page-item"
        >
          <a
            className="page-link"
            href="#"
            onClick={[Function]}
            onKeyDown={[Function]}
            role="button"
            tabIndex={0}
          >
            1
          </a>
        </li>
        <li
          className="page-item"
        >
          <a
            className="page-link"
            href="#"
            onClick={[Function]}
            onKeyDown={[Function]}
            role="button"
            tabIndex={0}
          >
            <span
              aria-hidden="true"
            >
              …
            </span>
            <span
              className="visually-hidden"
            >
              More
            </span>
          </a>
        </li>
        <li
          className="page-item"
        >
          <a
            className="page-link"
            href="#"
            onClick={[Function]}
            onKeyDown={[Function]}
            role="button"
            tabIndex={0}
          >
            3
          </a>
        </li>
        <li
          className="page-item"
        >
          <a
            className="page-link"
            href="#"
            onClick={[Function]}
            onKeyDown={[Function]}
            role="button"
            tabIndex={0}
          >
            4
          </a>
        </li>
        <li
          className="page-item active"
        >
          <span
            className="page-link"
            disabled={false}
            onClick={[Function]}
          >
            5
            <span
              className="visually-hidden"
            >
              (current)
            </span>
          </span>
        </li>
        <li
          className="page-item"
        >
          <a
            className="page-link"
            href="#"
            onClick={[Function]}
            onKeyDown={[Function]}
            role="button"
            tabIndex={0}
          >
            6
          </a>
        </li>
        <li
          className="page-item"
        >
          <a
            className="page-link"
            href="#"
            onClick={[Function]}
            onKeyDown={[Function]}
            role="button"
            tabIndex={0}
          >
            <span
              aria-hidden="true"
            >
              ›
            </span>
            <span
              className="visually-hidden"
            >
              Next
            </span>
          </a>
        </li>
        <li
          className="page-item"
        >
          <a
            className="page-link"
            href="#"
            onClick={[Function]}
            onKeyDown={[Function]}
            role="button"
            tabIndex={0}
          >
            <span
              aria-hidden="true"
            >
              »
            </span>
            <span
              className="visually-hidden"
            >
              Last
            </span>
          </a>
        </li>
      </ul>
    </div>
  </div>
</div>
`;

exports[`ResultsPagination renders correctly for page 6 1`] = `
<div
  className="container-fluid"
>
  <div
    className="justify-content-md-center row"
  >
    <div
      className="col-md-4"
    >
      <ul
        className="pagination"
      >
        <li
          className="page-item"
        >
          <a
            className="page-link"
            href="#"
            onClick={[Function]}
            onKeyDown={[Function]}
            role="button"
            tabIndex={0}
          >
            <span
              aria-hidden="true"
            >
              «
            </span>
            <span
              className="visually-hidden"
            >
              First
            </span>
          </a>
        </li>
        <li
          className="page-item"
        >
          <a
            className="page-link"
            href="#"
            onClick={[Function]}
            onKeyDown={[Function]}
            role="button"
            tabIndex={0}
          >
            <span
              aria-hidden="true"
            >
              ‹
            </span>
            <span
              className="visually-hidden"
            >
              Previous
            </span>
          </a>
        </li>
        <li
          className="page-item"
        >
          <a
            className="page-link"
            href="#"
            onClick={[Function]}
            onKeyDown={[Function]}
            role="button"
            tabIndex={0}
          >
            1
          </a>
        </li>
        <li
          className="page-item"
        >
          <a
            className="page-link"
            href="#"
            onClick={[Function]}
            onKeyDown={[Function]}
            role="button"
            tabIndex={0}
          >
            <span
              aria-hidden="true"
            >
              …
            </span>
            <span
              className="visually-hidden"
            >
              More
            </span>
          </a>
        </li>
        <li
          className="page-item"
        >
          <a
            className="page-link"
            href="#"
            onClick={[Function]}
            onKeyDown={[Function]}
            role="button"
            tabIndex={0}
          >
            4
          </a>
        </li>
        <li
          className="page-item"
        >
          <a
            className="page-link"
            href="#"
            onClick={[Function]}
            onKeyDown={[Function]}
            role="button"
            tabIndex={0}
          >
            5
          </a>
        </li>
        <li
          className="page-item active"
        >
          <span
            className="page-link"
            disabled={false}
            onClick={[Function]}
          >
            6
            <span
              className="visually-hidden"
            >
              (current)
            </span>
          </span>
        </li>
        <li
          className="page-item"
        >
          <a
            className="page-link"
            href="#"
            onClick={[Function]}
            onKeyDown={[Function]}
            role="button"
            tabIndex={0}
          >
            <span
              aria-hidden="true"
            >
              ›
            </span>
            <span
              className="visually-hidden"
            >
              Next
            </span>
          </a>
        </li>
        <li
          className="page-item"
        >
          <a
            className="page-link"
            href="#"
            onClick={[Function]}
            onKeyDown={[Function]}
            role="button"
            tabIndex={0}
          >
            <span
              aria-hidden="true"
            >
              »
            </span>
            <span
              className="visually-hidden"
            >
              Last
            </span>
          </a>
        </li>
      </ul>
    </div>
  </div>
</div>
`;
